2025/06/07 14:08:30 Database connection established successfully
[GIN-debug] [WARNING] Creating an Engine instance with the Logger and Recovery middleware already attached.

[GIN-debug] [WARNING] Running in "debug" mode. Switch to "release" mode in production.
 - using env:	export GIN_MODE=release
 - using code:	gin.SetMode(gin.ReleaseMode)

[GIN-debug] Loaded HTML Templates (17): 
	- customer_form_new.html
	- error.html
	- job_detail.html
	- base.html
	- customers_new.html
	- content
	- device_form_new.html
	- scan_job.html
	- scan_select_job.html
	- job_form_new.html
	- jobs_new.html
	- 
	- customer_detail.html
	- device_detail.html
	- devices_new.html
	- home_new.html
	- job_form.html

[GIN-debug] GET    /static/*filepath         --> github.com/gin-gonic/gin.(*RouterGroup).createStaticHandler.func1 (4 handlers)
[GIN-debug] HEAD   /static/*filepath         --> github.com/gin-gonic/gin.(*RouterGroup).createStaticHandler.func1 (4 handlers)
[GIN-debug] GET    /                         --> main.setupRoutes.func1 (4 handlers)
[GIN-debug] GET    /jobs                     --> go-barcode-webapp/internal/handlers.(*JobHandler).ListJobs-fm (4 handlers)
[GIN-debug] GET    /jobs/new                 --> go-barcode-webapp/internal/handlers.(*JobHandler).NewJobForm-fm (4 handlers)
[GIN-debug] POST   /jobs                     --> go-barcode-webapp/internal/handlers.(*JobHandler).CreateJob-fm (4 handlers)
[GIN-debug] GET    /jobs/:id                 --> go-barcode-webapp/internal/handlers.(*JobHandler).GetJob-fm (4 handlers)
[GIN-debug] GET    /jobs/:id/edit            --> go-barcode-webapp/internal/handlers.(*JobHandler).EditJobForm-fm (4 handlers)
[GIN-debug] PUT    /jobs/:id                 --> go-barcode-webapp/internal/handlers.(*JobHandler).UpdateJob-fm (4 handlers)
[GIN-debug] DELETE /jobs/:id                 --> go-barcode-webapp/internal/handlers.(*JobHandler).DeleteJob-fm (4 handlers)
[GIN-debug] GET    /jobs/:id/devices         --> go-barcode-webapp/internal/handlers.(*JobHandler).GetJobDevices-fm (4 handlers)
[GIN-debug] POST   /jobs/:id/devices         --> go-barcode-webapp/internal/handlers.(*JobHandler).AssignDevice-fm (4 handlers)
[GIN-debug] DELETE /jobs/:id/devices/:deviceId --> go-barcode-webapp/internal/handlers.(*JobHandler).RemoveDevice-fm (4 handlers)
[GIN-debug] POST   /jobs/:id/bulk-scan       --> go-barcode-webapp/internal/handlers.(*JobHandler).BulkScanDevices-fm (4 handlers)
[GIN-debug] GET    /devices                  --> go-barcode-webapp/internal/handlers.(*DeviceHandler).ListDevices-fm (4 handlers)
[GIN-debug] GET    /devices/new              --> go-barcode-webapp/internal/handlers.(*DeviceHandler).NewDeviceForm-fm (4 handlers)
[GIN-debug] POST   /devices                  --> go-barcode-webapp/internal/handlers.(*DeviceHandler).CreateDevice-fm (4 handlers)
[GIN-debug] GET    /devices/:id              --> go-barcode-webapp/internal/handlers.(*DeviceHandler).GetDevice-fm (4 handlers)
[GIN-debug] GET    /devices/:id/edit         --> go-barcode-webapp/internal/handlers.(*DeviceHandler).EditDeviceForm-fm (4 handlers)
[GIN-debug] PUT    /devices/:id              --> go-barcode-webapp/internal/handlers.(*DeviceHandler).UpdateDevice-fm (4 handlers)
[GIN-debug] DELETE /devices/:id              --> go-barcode-webapp/internal/handlers.(*DeviceHandler).DeleteDevice-fm (4 handlers)
[GIN-debug] GET    /devices/:id/qr           --> go-barcode-webapp/internal/handlers.(*DeviceHandler).GetDeviceQR-fm (4 handlers)
[GIN-debug] GET    /devices/:id/barcode      --> go-barcode-webapp/internal/handlers.(*DeviceHandler).GetDeviceBarcode-fm (4 handlers)
[GIN-debug] GET    /devices/available        --> go-barcode-webapp/internal/handlers.(*DeviceHandler).GetAvailableDevices-fm (4 handlers)
[GIN-debug] GET    /customers                --> go-barcode-webapp/internal/handlers.(*CustomerHandler).ListCustomers-fm (4 handlers)
[GIN-debug] GET    /customers/new            --> go-barcode-webapp/internal/handlers.(*CustomerHandler).NewCustomerForm-fm (4 handlers)
[GIN-debug] POST   /customers                --> go-barcode-webapp/internal/handlers.(*CustomerHandler).CreateCustomer-fm (4 handlers)
[GIN-debug] GET    /customers/:id            --> go-barcode-webapp/internal/handlers.(*CustomerHandler).GetCustomer-fm (4 handlers)
[GIN-debug] GET    /customers/:id/edit       --> go-barcode-webapp/internal/handlers.(*CustomerHandler).EditCustomerForm-fm (4 handlers)
[GIN-debug] PUT    /customers/:id            --> go-barcode-webapp/internal/handlers.(*CustomerHandler).UpdateCustomer-fm (4 handlers)
[GIN-debug] DELETE /customers/:id            --> go-barcode-webapp/internal/handlers.(*CustomerHandler).DeleteCustomer-fm (4 handlers)
[GIN-debug] GET    /statuses                 --> go-barcode-webapp/internal/handlers.(*StatusHandler).ListStatuses-fm (4 handlers)
[GIN-debug] GET    /products                 --> go-barcode-webapp/internal/handlers.(*ProductHandler).ListProducts-fm (4 handlers)
[GIN-debug] GET    /barcodes/device/:serialNo/qr --> go-barcode-webapp/internal/handlers.(*BarcodeHandler).GenerateDeviceQR-fm (4 handlers)
[GIN-debug] GET    /barcodes/device/:serialNo/barcode --> go-barcode-webapp/internal/handlers.(*BarcodeHandler).GenerateDeviceBarcode-fm (4 handlers)
[GIN-debug] GET    /scan/select              --> go-barcode-webapp/internal/handlers.(*ScannerHandler).ScanJobSelection-fm (4 handlers)
[GIN-debug] GET    /scan/:jobId              --> go-barcode-webapp/internal/handlers.(*ScannerHandler).ScanJob-fm (4 handlers)
[GIN-debug] POST   /scan/:jobId/assign       --> go-barcode-webapp/internal/handlers.(*ScannerHandler).ScanDevice-fm (4 handlers)
[GIN-debug] DELETE /scan/:jobId/devices/:deviceId --> go-barcode-webapp/internal/handlers.(*ScannerHandler).RemoveDevice-fm (4 handlers)
[GIN-debug] GET    /api/v1/jobs              --> go-barcode-webapp/internal/handlers.(*JobHandler).ListJobsAPI-fm (4 handlers)
[GIN-debug] POST   /api/v1/jobs              --> go-barcode-webapp/internal/handlers.(*JobHandler).CreateJobAPI-fm (4 handlers)
[GIN-debug] GET    /api/v1/jobs/:id          --> go-barcode-webapp/internal/handlers.(*JobHandler).GetJobAPI-fm (4 handlers)
[GIN-debug] PUT    /api/v1/jobs/:id          --> go-barcode-webapp/internal/handlers.(*JobHandler).UpdateJobAPI-fm (4 handlers)
[GIN-debug] DELETE /api/v1/jobs/:id          --> go-barcode-webapp/internal/handlers.(*JobHandler).DeleteJobAPI-fm (4 handlers)
[GIN-debug] POST   /api/v1/jobs/:id/devices/:deviceId --> go-barcode-webapp/internal/handlers.(*JobHandler).AssignDeviceAPI-fm (4 handlers)
[GIN-debug] DELETE /api/v1/jobs/:id/devices/:deviceId --> go-barcode-webapp/internal/handlers.(*JobHandler).RemoveDeviceAPI-fm (4 handlers)
[GIN-debug] POST   /api/v1/jobs/:id/bulk-scan --> go-barcode-webapp/internal/handlers.(*JobHandler).BulkScanDevicesAPI-fm (4 handlers)
[GIN-debug] POST   /api/v1/jobs/:id/assign-device --> go-barcode-webapp/internal/handlers.(*ScannerHandler).ScanDevice-fm (4 handlers)
[GIN-debug] GET    /api/v1/devices           --> go-barcode-webapp/internal/handlers.(*DeviceHandler).ListDevicesAPI-fm (4 handlers)
[GIN-debug] POST   /api/v1/devices           --> go-barcode-webapp/internal/handlers.(*DeviceHandler).CreateDeviceAPI-fm (4 handlers)
[GIN-debug] GET    /api/v1/devices/:id       --> go-barcode-webapp/internal/handlers.(*DeviceHandler).GetDeviceAPI-fm (4 handlers)
[GIN-debug] PUT    /api/v1/devices/:id       --> go-barcode-webapp/internal/handlers.(*DeviceHandler).UpdateDeviceAPI-fm (4 handlers)
[GIN-debug] DELETE /api/v1/devices/:id       --> go-barcode-webapp/internal/handlers.(*DeviceHandler).DeleteDeviceAPI-fm (4 handlers)
[GIN-debug] GET    /api/v1/devices/available --> go-barcode-webapp/internal/handlers.(*DeviceHandler).GetAvailableDevicesAPI-fm (4 handlers)
[GIN-debug] GET    /api/v1/customers         --> go-barcode-webapp/internal/handlers.(*CustomerHandler).ListCustomersAPI-fm (4 handlers)
[GIN-debug] POST   /api/v1/customers         --> go-barcode-webapp/internal/handlers.(*CustomerHandler).CreateCustomerAPI-fm (4 handlers)
[GIN-debug] GET    /api/v1/customers/:id     --> go-barcode-webapp/internal/handlers.(*CustomerHandler).GetCustomerAPI-fm (4 handlers)
[GIN-debug] PUT    /api/v1/customers/:id     --> go-barcode-webapp/internal/handlers.(*CustomerHandler).UpdateCustomerAPI-fm (4 handlers)
[GIN-debug] DELETE /api/v1/customers/:id     --> go-barcode-webapp/internal/handlers.(*CustomerHandler).DeleteCustomerAPI-fm (4 handlers)
2025/06/07 14:08:30 Server starting on 0.0.0.0:9000

2025/06/07 14:08:49 [32m/opt/dev/go-barcode-webapp/internal/repository/device_repository.go:65
[0m[33m[13.266ms] [34;1m[rows:0][0m SELECT * FROM `devices` ORDER BY deviceID DESC
[GIN] 2025/06/07 - 14:08:49 | 200 |    14.80949ms |       127.0.0.1 | GET      "/devices"

2025/06/07 14:09:08 [32m/opt/dev/go-barcode-webapp/internal/repository/product_repository.go:57
[0m[33m[11.793ms] [34;1m[rows:0][0m SELECT * FROM `products` ORDER BY name ASC
[GIN] 2025/06/07 - 14:09:08 | 200 |   14.713254ms |       127.0.0.1 | GET      "/devices/new"

2025/06/07 14:09:25 [32m/opt/dev/go-barcode-webapp/internal/repository/customer_repository.go:55
[0m[33m[12.386ms] [34;1m[rows:53][0m SELECT * FROM `customers` ORDER BY companyname ASC
[GIN] 2025/06/07 - 14:09:25 | 200 |   12.959528ms |       127.0.0.1 | GET      "/api/v1/customers"

2025/06/07 14:09:37 [32m/opt/dev/go-barcode-webapp/internal/repository/device_repository.go:65
[0m[33m[12.317ms] [34;1m[rows:0][0m SELECT * FROM `devices` ORDER BY deviceID DESC
[GIN] 2025/06/07 - 14:09:37 | 200 |   12.510361ms |       127.0.0.1 | GET      "/api/v1/devices"

2025/06/07 14:09:43 [32m/opt/dev/go-barcode-webapp/internal/repository/product_repository.go:57
[0m[33m[11.808ms] [34;1m[rows:0][0m SELECT * FROM `products` ORDER BY name ASC
[GIN] 2025/06/07 - 14:09:43 | 200 |   11.962944ms |       127.0.0.1 | GET      "/products"
[GIN] 2025/06/07 - 14:10:16 | 200 |    2.410379ms |       127.0.0.1 | GET      "/customers/new"
Error #01: template: customer_form_new.html:65:71: executing "customer_form_new.html" at <eq .customer.CustomerType "Kunde">: error calling eq: incompatible types for comparison
[GIN] 2025/06/07 - 14:11:23 | 200 |    2.281034ms |       127.0.0.1 | GET      "/customers/new"

2025/06/07 14:11:59 [32m/opt/dev/go-barcode-webapp/internal/repository/customer_repository.go:16
[0m[33m[47.431ms] [34;1m[rows:1][0m INSERT INTO `customers` (`companyname`,`lastname`,`firstname`,`street`,`housenumber`,`ZIP`,`city`,`federalstate`,`country`,`phonenumber`,`email`,`customertype`,`notes`) VALUES ('','','','','','','','','','','test@example.com','','')
[GIN] 2025/06/07 - 14:11:59 | 302 |   47.565016ms |       127.0.0.1 | POST     "/customers"

2025/06/07 14:12:14 [32m/opt/dev/go-barcode-webapp/internal/repository/customer_repository.go:55
[0m[33m[13.120ms] [34;1m[rows:54][0m SELECT * FROM `customers` ORDER BY companyname ASC

2025/06/07 14:12:14 [32m/opt/dev/go-barcode-webapp/internal/repository/status_repository.go:15
[0m[33m[10.955ms] [34;1m[rows:4][0m SELECT * FROM `status`

2025/06/07 14:12:14 [32m/opt/dev/go-barcode-webapp/internal/repository/job_category_repository.go:30
[0m[33m[11.582ms] [34;1m[rows:5][0m SELECT * FROM `jobCategory`
[GIN] 2025/06/07 - 14:12:14 | 200 |   37.908952ms |       127.0.0.1 | GET      "/jobs/new"
Error #01: template: job_form_new.html:104:84: executing "job_form_new.html" at <eq .JobCategoryID $.job.JobCategoryID>: error calling eq: incompatible types for comparison

2025/06/07 14:12:42 [32m/opt/dev/go-barcode-webapp/internal/repository/customer_repository.go:55
[0m[33m[12.591ms] [34;1m[rows:54][0m SELECT * FROM `customers` ORDER BY companyname ASC

2025/06/07 14:12:42 [32m/opt/dev/go-barcode-webapp/internal/repository/status_repository.go:15
[0m[33m[11.420ms] [34;1m[rows:4][0m SELECT * FROM `status`

2025/06/07 14:12:42 [32m/opt/dev/go-barcode-webapp/internal/repository/job_category_repository.go:30
[0m[33m[11.577ms] [34;1m[rows:5][0m SELECT * FROM `jobCategory`
[GIN] 2025/06/07 - 14:12:42 | 200 |   38.758906ms |       127.0.0.1 | GET      "/jobs/new"

2025/06/07 14:13:07 [32m/opt/dev/go-barcode-webapp/internal/repository/product_repository.go:57
[0m[33m[11.830ms] [34;1m[rows:0][0m SELECT * FROM `products` ORDER BY name ASC
[GIN] 2025/06/07 - 14:13:07 | 200 |   13.858766ms |       127.0.0.1 | GET      "/devices/new"

2025/06/07 14:13:22 [32m/opt/dev/go-barcode-webapp/internal/repository/customer_repository.go:55
[0m[33m[13.372ms] [34;1m[rows:54][0m SELECT * FROM `customers` ORDER BY companyname ASC

2025/06/07 14:13:22 [32m/opt/dev/go-barcode-webapp/internal/repository/status_repository.go:15
[0m[33m[11.306ms] [34;1m[rows:4][0m SELECT * FROM `status`

2025/06/07 14:13:22 [32m/opt/dev/go-barcode-webapp/internal/repository/job_category_repository.go:30
[0m[33m[11.046ms] [34;1m[rows:5][0m SELECT * FROM `jobCategory`
[GIN] 2025/06/07 - 14:13:22 | 200 |   38.783176ms |       127.0.0.1 | GET      "/jobs/new"

2025/06/07 14:13:48 [32m/opt/dev/go-barcode-webapp/internal/repository/customer_repository.go:55
[0m[33m[13.121ms] [34;1m[rows:54][0m SELECT * FROM `customers` ORDER BY companyname ASC

2025/06/07 14:13:48 [32m/opt/dev/go-barcode-webapp/internal/repository/status_repository.go:15
[0m[33m[11.193ms] [34;1m[rows:4][0m SELECT * FROM `status`

2025/06/07 14:13:48 [32m/opt/dev/go-barcode-webapp/internal/repository/job_category_repository.go:30
[0m[33m[11.017ms] [34;1m[rows:5][0m SELECT * FROM `jobCategory`
[GIN] 2025/06/07 - 14:13:48 | 200 |   38.273167ms |       127.0.0.1 | GET      "/jobs/new"

2025/06/07 14:14:00 [32m/opt/dev/go-barcode-webapp/internal/repository/job_repository.go:20
[0m[33m[49.523ms] [34;1m[rows:1][0m INSERT INTO `jobs` (`customerID`,`statusID`,`jobcategoryID`,`description`,`discount`,`discount_type`,`revenue`,`final_revenue`,`startDate`,`endDate`) VALUES (4,1001,NULL,'Test event',0,'amount',1500,NULL,'2025-06-10 02:00:00','2025-06-12 02:00:00')
[GIN] 2025/06/07 - 14:14:00 | 302 |   49.746784ms |       127.0.0.1 | POST     "/jobs"
